
> sunyani-frontend@1.0.0 build
> next build

   Γû▓ Next.js 15.5.9
   - Environments: .env.local

